2025-08-02 09:35:24,462 WARN c.z.h.p.HikariPool$HouseKeeper {run} [HikariPool-1 housekeeper] HikariPool-1 - Thread starvation or clock leap detected (housekeeper delta=5d19h34m59s90ms153µs800ns).
2025-08-02 09:37:21,385 INFO o.h.v.i.u.Version {<clinit>} [background-preinit] HV000001: Hibernate Validator 8.0.2.Final
2025-08-02 09:37:21,448 INFO o.s.b.StartupInfoLogger {logStarting} [main] Starting ApiPlantApplication using Java 17.0.12 with PID 14476 (C:\Users\maria\OneDrive\Desktop\ApiPlant\target\classes started by maria in C:\Users\maria\OneDrive\Desktop\ApiPlant)
2025-08-02 09:37:21,448 INFO o.s.b.SpringApplication {logStartupProfileInfo} [main] No active profile set, falling back to 1 default profile: "default"
2025-08-02 09:37:21,902 INFO o.s.d.r.c.RepositoryConfigurationDelegate {registerRepositoriesIn} [main] Bootstrapping Spring Data JPA repositories in DEFAULT mode.
2025-08-02 09:37:21,951 INFO o.s.d.r.c.RepositoryConfigurationDelegate {registerRepositoriesIn} [main] Finished Spring Data repository scanning in 42 ms. Found 5 JPA repository interfaces.
2025-08-02 09:37:22,400 INFO o.s.b.w.e.t.TomcatWebServer {initialize} [main] Tomcat initialized with port 8080 (http)
2025-08-02 09:37:22,413 INFO o.a.j.l.DirectJDKLog {log} [main] Initializing ProtocolHandler ["http-nio-8080"]
2025-08-02 09:37:22,413 INFO o.a.j.l.DirectJDKLog {log} [main] Starting service [Tomcat]
2025-08-02 09:37:22,413 INFO o.a.j.l.DirectJDKLog {log} [main] Starting Servlet engine: [Apache Tomcat/10.1.42]
2025-08-02 09:37:22,469 INFO o.a.j.l.DirectJDKLog {log} [main] Initializing Spring embedded WebApplicationContext
2025-08-02 09:37:22,472 INFO o.s.b.w.s.c.ServletWebServerApplicationContext {prepareWebApplicationContext} [main] Root WebApplicationContext: initialization completed in 974 ms
2025-08-02 09:37:22,577 INFO o.h.j.i.u.LogHelper {logPersistenceUnitInformation} [main] HHH000204: Processing PersistenceUnitInfo [name: default]
2025-08-02 09:37:22,638 INFO o.h.Version {logVersion} [main] HHH000412: Hibernate ORM core version 6.6.18.Final
2025-08-02 09:37:22,672 INFO o.h.c.i.RegionFactoryInitiator {initiateService} [main] HHH000026: Second-level cache disabled
2025-08-02 09:37:22,892 INFO o.s.o.j.p.SpringPersistenceUnitInfo {addTransformer} [main] No LoadTimeWeaver setup: ignoring JPA class transformer
2025-08-02 09:37:22,924 INFO c.z.h.HikariDataSource {getConnection} [main] HikariPool-1 - Starting...
2025-08-02 09:37:23,141 INFO c.z.h.p.HikariPool {checkFailFast} [main] HikariPool-1 - Added connection conn0: url=jdbc:h2:file:~/apiplant.db user=SA
2025-08-02 09:37:23,143 INFO c.z.h.HikariDataSource {getConnection} [main] HikariPool-1 - Start completed.
2025-08-02 09:37:23,165 WARN o.h.e.j.d.i.DialectFactoryImpl {constructDialect} [main] HHH90000025: H2Dialect does not need to be specified explicitly using 'hibernate.dialect' (remove the property setting and it will be selected by default)
2025-08-02 09:37:23,186 INFO o.h.e.j.e.i.JdbcEnvironmentInitiator {logConnectionInfo} [main] HHH10001005: Database info:
	Database JDBC URL [Connecting through datasource 'HikariDataSource (HikariPool-1)']
	Database driver: undefined/unknown
	Database version: 2.3.232
	Autocommit mode: undefined/unknown
	Isolation level: undefined/unknown
	Minimum pool size: undefined/unknown
	Maximum pool size: undefined/unknown
2025-08-02 09:37:24,036 INFO o.h.e.t.j.p.i.JtaPlatformInitiator {initiateService} [main] HHH000489: No JTA platform available (set 'hibernate.transaction.jta.platform' to enable JTA platform integration)
2025-08-02 09:37:24,093 INFO o.s.o.j.AbstractEntityManagerFactoryBean {buildNativeEntityManagerFactory} [main] Initialized JPA EntityManagerFactory for persistence unit 'default'
2025-08-02 09:37:24,410 WARN o.s.b.a.o.j.JpaBaseConfiguration$JpaWebConfiguration {openEntityManagerInViewInterceptor} [main] spring.jpa.open-in-view is enabled by default. Therefore, database queries may be performed during view rendering. Explicitly configure spring.jpa.open-in-view to disable this warning
2025-08-02 09:37:24,615 INFO o.s.b.a.h.H2ConsoleAutoConfiguration$H2ConsoleLogger {log} [main] H2 console available at '/h2-console'. Database available at 'jdbc:h2:file:~/apiplant.db'
2025-08-02 09:37:24,654 INFO o.a.j.l.DirectJDKLog {log} [main] Starting ProtocolHandler ["http-nio-8080"]
2025-08-02 09:37:24,675 INFO o.s.b.w.e.t.TomcatWebServer {start} [main] Tomcat started on port 8080 (http) with context path '/'
2025-08-02 09:37:24,684 INFO o.s.b.StartupInfoLogger {logStarted} [main] Started ApiPlantApplication in 3.639 seconds (process running for 3.866)
2025-08-02 09:37:34,937 INFO o.a.j.l.DirectJDKLog {log} [http-nio-8080-exec-1] Initializing Spring DispatcherServlet 'dispatcherServlet'
2025-08-02 09:37:34,938 INFO o.s.w.s.FrameworkServlet {initServletBean} [http-nio-8080-exec-1] Initializing Servlet 'dispatcherServlet'
2025-08-02 09:37:34,939 INFO o.s.w.s.FrameworkServlet {initServletBean} [http-nio-8080-exec-1] Completed initialization in 1 ms
2025-08-02 12:19:32,860 INFO o.s.b.w.e.t.GracefulShutdown {shutDownGracefully} [SpringApplicationShutdownHook] Commencing graceful shutdown. Waiting for active requests to complete
2025-08-02 12:19:32,949 INFO o.s.b.w.e.t.GracefulShutdown {doShutdown} [tomcat-shutdown] Graceful shutdown complete
2025-08-02 12:19:32,967 INFO o.s.o.j.AbstractEntityManagerFactoryBean {destroy} [SpringApplicationShutdownHook] Closing JPA EntityManagerFactory for persistence unit 'default'
2025-08-02 12:19:32,971 INFO c.z.h.HikariDataSource {close} [SpringApplicationShutdownHook] HikariPool-1 - Shutdown initiated...
2025-08-02 12:19:32,973 INFO c.z.h.HikariDataSource {close} [SpringApplicationShutdownHook] HikariPool-1 - Shutdown completed.
